// Jest Snapshot v1, https://goo.gl/fbAQLP

exports[`The Query component  should match the snapshot 1`] = `
ShallowWrapper {
  Symbol(enzyme.__root__): [Circular],
  Symbol(enzyme.__unrendered__): <MockedProvider
    addTypename={false}
    mocks={
      Array [
        Object {
          "request": Object {
            "query": Object {
              "definitions": Array [
                Object {
                  "directives": Array [],
                  "kind": "OperationDefinition",
                  "name": Object {
                    "kind": "Name",
                    "value": "GETREPOS",
                  },
                  "operation": "query",
                  "selectionSet": Object {
                    "kind": "SelectionSet",
                    "selections": Array [
                      Object {
                        "alias": undefined,
                        "arguments": Array [
                          Object {
                            "kind": "Argument",
                            "name": Object {
                              "kind": "Name",
                              "value": "login",
                            },
                            "value": Object {
                              "kind": "Variable",
                              "name": Object {
                                "kind": "Name",
                                "value": "login",
                              },
                            },
                          },
                        ],
                        "directives": Array [],
                        "kind": "Field",
                        "name": Object {
                          "kind": "Name",
                          "value": "user",
                        },
                        "selectionSet": Object {
                          "kind": "SelectionSet",
                          "selections": Array [
                            Object {
                              "alias": undefined,
                              "arguments": Array [],
                              "directives": Array [],
                              "kind": "Field",
                              "name": Object {
                                "kind": "Name",
                                "value": "name",
                              },
                              "selectionSet": undefined,
                            },
                            Object {
                              "alias": undefined,
                              "arguments": Array [],
                              "directives": Array [],
                              "kind": "Field",
                              "name": Object {
                                "kind": "Name",
                                "value": "organizations",
                              },
                              "selectionSet": Object {
                                "kind": "SelectionSet",
                                "selections": Array [
                                  Object {
                                    "alias": undefined,
                                    "arguments": Array [],
                                    "directives": Array [],
                                    "kind": "Field",
                                    "name": Object {
                                      "kind": "Name",
                                      "value": "totalCount",
                                    },
                                    "selectionSet": undefined,
                                  },
                                ],
                              },
                            },
                            Object {
                              "alias": undefined,
                              "arguments": Array [],
                              "directives": Array [],
                              "kind": "Field",
                              "name": Object {
                                "kind": "Name",
                                "value": "contributionsCollection",
                              },
                              "selectionSet": Object {
                                "kind": "SelectionSet",
                                "selections": Array [
                                  Object {
                                    "alias": undefined,
                                    "arguments": Array [],
                                    "directives": Array [],
                                    "kind": "Field",
                                    "name": Object {
                                      "kind": "Name",
                                      "value": "totalCommitContributions",
                                    },
                                    "selectionSet": undefined,
                                  },
                                  Object {
                                    "alias": undefined,
                                    "arguments": Array [],
                                    "directives": Array [],
                                    "kind": "Field",
                                    "name": Object {
                                      "kind": "Name",
                                      "value": "totalIssueContributions",
                                    },
                                    "selectionSet": undefined,
                                  },
                                  Object {
                                    "alias": undefined,
                                    "arguments": Array [],
                                    "directives": Array [],
                                    "kind": "Field",
                                    "name": Object {
                                      "kind": "Name",
                                      "value": "totalPullRequestContributions",
                                    },
                                    "selectionSet": undefined,
                                  },
                                  Object {
                                    "alias": undefined,
                                    "arguments": Array [],
                                    "directives": Array [],
                                    "kind": "Field",
                                    "name": Object {
                                      "kind": "Name",
                                      "value": "totalRepositoriesWithContributedIssues",
                                    },
                                    "selectionSet": undefined,
                                  },
                                  Object {
                                    "alias": undefined,
                                    "arguments": Array [],
                                    "directives": Array [],
                                    "kind": "Field",
                                    "name": Object {
                                      "kind": "Name",
                                      "value": "totalRepositoriesWithContributedPullRequestReviews",
                                    },
                                    "selectionSet": undefined,
                                  },
                                  Object {
                                    "alias": undefined,
                                    "arguments": Array [],
                                    "directives": Array [],
                                    "kind": "Field",
                                    "name": Object {
                                      "kind": "Name",
                                      "value": "totalRepositoryContributions",
                                    },
                                    "selectionSet": undefined,
                                  },
                                  Object {
                                    "alias": undefined,
                                    "arguments": Array [],
                                    "directives": Array [],
                                    "kind": "Field",
                                    "name": Object {
                                      "kind": "Name",
                                      "value": "contributionCalendar",
                                    },
                                    "selectionSet": Object {
                                      "kind": "SelectionSet",
                                      "selections": Array [
                                        Object {
                                          "alias": undefined,
                                          "arguments": Array [],
                                          "directives": Array [],
                                          "kind": "Field",
                                          "name": Object {
                                            "kind": "Name",
                                            "value": "totalContributions",
                                          },
                                          "selectionSet": undefined,
                                        },
                                      ],
                                    },
                                  },
                                ],
                              },
                            },
                            Object {
                              "alias": undefined,
                              "arguments": Array [],
                              "directives": Array [],
                              "kind": "Field",
                              "name": Object {
                                "kind": "Name",
                                "value": "avatarUrl",
                              },
                              "selectionSet": undefined,
                            },
                            Object {
                              "alias": undefined,
                              "arguments": Array [],
                              "directives": Array [],
                              "kind": "Field",
                              "name": Object {
                                "kind": "Name",
                                "value": "location",
                              },
                              "selectionSet": undefined,
                            },
                            Object {
                              "alias": undefined,
                              "arguments": Array [
                                Object {
                                  "kind": "Argument",
                                  "name": Object {
                                    "kind": "Name",
                                    "value": "first",
                                  },
                                  "value": Object {
                                    "kind": "IntValue",
                                    "value": "100",
                                  },
                                },
                                Object {
                                  "kind": "Argument",
                                  "name": Object {
                                    "kind": "Name",
                                    "value": "orderBy",
                                  },
                                  "value": Object {
                                    "fields": Array [
                                      Object {
                                        "kind": "ObjectField",
                                        "name": Object {
                                          "kind": "Name",
                                          "value": "field",
                                        },
                                        "value": Object {
                                          "kind": "EnumValue",
                                          "value": "STARGAZERS",
                                        },
                                      },
                                      Object {
                                        "kind": "ObjectField",
                                        "name": Object {
                                          "kind": "Name",
                                          "value": "direction",
                                        },
                                        "value": Object {
                                          "kind": "EnumValue",
                                          "value": "DESC",
                                        },
                                      },
                                    ],
                                    "kind": "ObjectValue",
                                  },
                                },
                              ],
                              "directives": Array [],
                              "kind": "Field",
                              "name": Object {
                                "kind": "Name",
                                "value": "repositories",
                              },
                              "selectionSet": Object {
                                "kind": "SelectionSet",
                                "selections": Array [
                                  Object {
                                    "alias": undefined,
                                    "arguments": Array [],
                                    "directives": Array [],
                                    "kind": "Field",
                                    "name": Object {
                                      "kind": "Name",
                                      "value": "totalCount",
                                    },
                                    "selectionSet": undefined,
                                  },
                                  Object {
                                    "alias": undefined,
                                    "arguments": Array [],
                                    "directives": Array [],
                                    "kind": "Field",
                                    "name": Object {
                                      "kind": "Name",
                                      "value": "nodes",
                                    },
                                    "selectionSet": Object {
                                      "kind": "SelectionSet",
                                      "selections": Array [
                                        Object {
                                          "alias": undefined,
                                          "arguments": Array [],
                                          "directives": Array [],
                                          "kind": "Field",
                                          "name": Object {
                                            "kind": "Name",
                                            "value": "name",
                                          },
                                          "selectionSet": undefined,
                                        },
                                        Object {
                                          "alias": undefined,
                                          "arguments": Array [],
                                          "directives": Array [],
                                          "kind": "Field",
                                          "name": Object {
                                            "kind": "Name",
                                            "value": "url",
                                          },
                                          "selectionSet": undefined,
                                        },
                                        Object {
                                          "alias": undefined,
                                          "arguments": Array [],
                                          "directives": Array [],
                                          "kind": "Field",
                                          "name": Object {
                                            "kind": "Name",
                                            "value": "description",
                                          },
                                          "selectionSet": undefined,
                                        },
                                        Object {
                                          "alias": undefined,
                                          "arguments": Array [],
                                          "directives": Array [],
                                          "kind": "Field",
                                          "name": Object {
                                            "kind": "Name",
                                            "value": "isFork",
                                          },
                                          "selectionSet": undefined,
                                        },
                                        Object {
                                          "alias": undefined,
                                          "arguments": Array [
                                            Object {
                                              "kind": "Argument",
                                              "name": Object {
                                                "kind": "Name",
                                                "value": "last",
                                              },
                                              "value": Object {
                                                "kind": "IntValue",
                                                "value": "5",
                                              },
                                            },
                                          ],
                                          "directives": Array [],
                                          "kind": "Field",
                                          "name": Object {
                                            "kind": "Name",
                                            "value": "stargazers",
                                          },
                                          "selectionSet": Object {
                                            "kind": "SelectionSet",
                                            "selections": Array [
                                              Object {
                                                "alias": undefined,
                                                "arguments": Array [],
                                                "directives": Array [],
                                                "kind": "Field",
                                                "name": Object {
                                                  "kind": "Name",
                                                  "value": "totalCount",
                                                },
                                                "selectionSet": undefined,
                                              },
                                            ],
                                          },
                                        },
                                      ],
                                    },
                                  },
                                ],
                              },
                            },
                          ],
                        },
                      },
                    ],
                  },
                  "variableDefinitions": Array [
                    Object {
                      "defaultValue": undefined,
                      "directives": Array [],
                      "kind": "VariableDefinition",
                      "type": Object {
                        "kind": "NonNullType",
                        "type": Object {
                          "kind": "NamedType",
                          "name": Object {
                            "kind": "Name",
                            "value": "String",
                          },
                        },
                      },
                      "variable": Object {
                        "kind": "Variable",
                        "name": Object {
                          "kind": "Name",
                          "value": "login",
                        },
                      },
                    },
                  ],
                },
              ],
              "kind": "Document",
              "loc": Object {
                "end": 888,
                "start": 0,
              },
            },
            "variables": Object {
              "name": "olivier",
            },
          },
          "result": Object {
            "data": Object {
              "user": Object {
                "id": "1",
                "name": "olivier",
              },
            },
          },
        },
      ]
    }
  >
    <Repos
      login="olivier"
    />
  </MockedProvider>,
  Symbol(enzyme.__renderer__): Object {
    "batchedUpdates": [Function],
    "checkPropTypes": [Function],
    "getNode": [Function],
    "render": [Function],
    "simulateError": [Function],
    "simulateEvent": [Function],
    "unmount": [Function],
  },
  Symbol(enzyme.__node__): Object {
    "instance": null,
    "key": undefined,
    "nodeType": "class",
    "props": Object {
      "children": <Repos
        login="olivier"
      />,
      "client": ApolloClient {
        "cache": InMemoryCache {
          "addTypename": false,
          "cacheKeyRoot": CacheKeyNode {
            "children": null,
            "key": null,
          },
          "config": Object {
            "addTypename": false,
            "dataIdFromObject": [Function],
            "fragmentMatcher": HeuristicFragmentMatcher {},
            "resultCaching": true,
          },
          "data": DepTrackingCache {
            "data": Object {},
            "depend": [Function],
          },
          "maybeBroadcastWatch": [Function],
          "optimisticData": DepTrackingCache {
            "data": Object {},
            "depend": [Function],
          },
          "silenceBroadcast": false,
          "storeReader": StoreReader {
            "cacheKeyRoot": CacheKeyNode {
              "children": null,
              "key": null,
            },
            "executeSelectionSet": [Function],
            "executeStoreQuery": [Function],
          },
          "storeWriter": StoreWriter {},
          "typenameDocumentCache": Map {},
          "watches": Set {},
        },
        "clearStoreCallbacks": Array [],
        "clientAwareness": Object {},
        "defaultOptions": Object {},
        "disableNetworkFetches": false,
        "link": ApolloLink {
          "request": [Function],
        },
        "mutate": [Function],
        "query": [Function],
        "queryDeduplication": true,
        "reFetchObservableQueries": [Function],
        "resetStore": [Function],
        "resetStoreCallbacks": Array [],
        "ssrMode": false,
        "store": DataStore {
          "cache": InMemoryCache {
            "addTypename": false,
            "cacheKeyRoot": CacheKeyNode {
              "children": null,
              "key": null,
            },
            "config": Object {
              "addTypename": false,
              "dataIdFromObject": [Function],
              "fragmentMatcher": HeuristicFragmentMatcher {},
              "resultCaching": true,
            },
            "data": DepTrackingCache {
              "data": Object {},
              "depend": [Function],
            },
            "maybeBroadcastWatch": [Function],
            "optimisticData": DepTrackingCache {
              "data": Object {},
              "depend": [Function],
            },
            "silenceBroadcast": false,
            "storeReader": StoreReader {
              "cacheKeyRoot": CacheKeyNode {
                "children": null,
                "key": null,
              },
              "executeSelectionSet": [Function],
              "executeStoreQuery": [Function],
            },
            "storeWriter": StoreWriter {},
            "typenameDocumentCache": Map {},
            "watches": Set {},
          },
        },
        "version": "2.4.12",
        "watchQuery": [Function],
      },
    },
    "ref": null,
    "rendered": Object {
      "instance": null,
      "key": undefined,
      "nodeType": "function",
      "props": Object {
        "login": "olivier",
      },
      "ref": null,
      "rendered": null,
      "type": [Function],
    },
    "type": [Function],
  },
  Symbol(enzyme.__nodes__): Array [
    Object {
      "instance": null,
      "key": undefined,
      "nodeType": "class",
      "props": Object {
        "children": <Repos
          login="olivier"
        />,
        "client": ApolloClient {
          "cache": InMemoryCache {
            "addTypename": false,
            "cacheKeyRoot": CacheKeyNode {
              "children": null,
              "key": null,
            },
            "config": Object {
              "addTypename": false,
              "dataIdFromObject": [Function],
              "fragmentMatcher": HeuristicFragmentMatcher {},
              "resultCaching": true,
            },
            "data": DepTrackingCache {
              "data": Object {},
              "depend": [Function],
            },
            "maybeBroadcastWatch": [Function],
            "optimisticData": DepTrackingCache {
              "data": Object {},
              "depend": [Function],
            },
            "silenceBroadcast": false,
            "storeReader": StoreReader {
              "cacheKeyRoot": CacheKeyNode {
                "children": null,
                "key": null,
              },
              "executeSelectionSet": [Function],
              "executeStoreQuery": [Function],
            },
            "storeWriter": StoreWriter {},
            "typenameDocumentCache": Map {},
            "watches": Set {},
          },
          "clearStoreCallbacks": Array [],
          "clientAwareness": Object {},
          "defaultOptions": Object {},
          "disableNetworkFetches": false,
          "link": ApolloLink {
            "request": [Function],
          },
          "mutate": [Function],
          "query": [Function],
          "queryDeduplication": true,
          "reFetchObservableQueries": [Function],
          "resetStore": [Function],
          "resetStoreCallbacks": Array [],
          "ssrMode": false,
          "store": DataStore {
            "cache": InMemoryCache {
              "addTypename": false,
              "cacheKeyRoot": CacheKeyNode {
                "children": null,
                "key": null,
              },
              "config": Object {
                "addTypename": false,
                "dataIdFromObject": [Function],
                "fragmentMatcher": HeuristicFragmentMatcher {},
                "resultCaching": true,
              },
              "data": DepTrackingCache {
                "data": Object {},
                "depend": [Function],
              },
              "maybeBroadcastWatch": [Function],
              "optimisticData": DepTrackingCache {
                "data": Object {},
                "depend": [Function],
              },
              "silenceBroadcast": false,
              "storeReader": StoreReader {
                "cacheKeyRoot": CacheKeyNode {
                  "children": null,
                  "key": null,
                },
                "executeSelectionSet": [Function],
                "executeStoreQuery": [Function],
              },
              "storeWriter": StoreWriter {},
              "typenameDocumentCache": Map {},
              "watches": Set {},
            },
          },
          "version": "2.4.12",
          "watchQuery": [Function],
        },
      },
      "ref": null,
      "rendered": Object {
        "instance": null,
        "key": undefined,
        "nodeType": "function",
        "props": Object {
          "login": "olivier",
        },
        "ref": null,
        "rendered": null,
        "type": [Function],
      },
      "type": [Function],
    },
  ],
  Symbol(enzyme.__options__): Object {
    "adapter": ReactSixteenAdapter {
      "options": Object {
        "enableComponentDidUpdateOnSetState": true,
        "legacyContextMode": "parent",
        "lifecycles": Object {
          "componentDidUpdate": Object {
            "onSetState": true,
          },
          "getChildContext": Object {
            "calledByRenderer": false,
          },
          "getDerivedStateFromProps": true,
          "getSnapshotBeforeUpdate": true,
          "setState": Object {
            "skipsComponentDidUpdateOnNullish": true,
          },
        },
      },
    },
  },
}
`;
